###############################################################################
#
# IAR ELF Linker V8.40.1.212/W32 for ARM                  06/Dec/2021  08:59:23
# Copyright 2007-2019 IAR Systems AB.
#
#    Output file  =
#        C:\uwClass\310_autumn\assignment06\problem01\Debug\Exe\problem01.out
#    Map file     =
#        C:\uwClass\310_autumn\assignment06\problem01\Debug\List\problem01.map
#    Command line =
#        -f C:\Users\BRETT~1.GRA\AppData\Local\Temp\EW1460.tmp
#        (C:\uwClass\310_autumn\assignment06\problem01\Debug\Obj\delay.o
#        C:\uwClass\310_autumn\assignment06\problem01\Debug\Obj\main.o
#        C:\uwClass\310_autumn\assignment06\problem01\Debug\Obj\startup.o
#        --no_out_extension -o
#        C:\uwClass\310_autumn\assignment06\problem01\Debug\Exe\problem01.out
#        --redirect _Printf=_PrintfFullNoMb --redirect _Scanf=_ScanfFullNoMb
#        --map
#        C:\uwClass\310_autumn\assignment06\problem01\Debug\List\problem01.map
#        --config "C:\Program Files (x86)\IAR Systems\Embedded Workbench
#        8.3\arm\config\linker\ST\stm32l475xG.icf" --semihosting --entry
#        __iar_program_start --vfe --text_out locale)
#
###############################################################################

*******************************************************************************
*** RUNTIME MODEL ATTRIBUTES
***

CppFlavor       = *
__SystemLibrary = DLib
__dlib_version  = 6


*******************************************************************************
*** HEAP SELECTION
***

The basic heap was selected because some modules are built with
size limitations (and not runtime checking), and --advanced_heap
was not specified.


*******************************************************************************
*** PLACEMENT SUMMARY
***

"A0":  place at address 0x800'0000 { ro section .intvec };
"P1":  place in [from 0x0 to 0x0] |
                [from 0x800'0000 to 0x80f'ffff] { ro };
define block CSTACK with size = 8K, alignment = 8 { };
define block PROC_STACK with size = 0, alignment = 8 { };
define block HEAP with size = 8K, alignment = 8 { };
"P3":  place in [from 0x2000'0000 to 0x2001'7fff] {
          rw, block CSTACK, block PROC_STACK, block HEAP };

No sections matched the following patterns:

  ro section application_specific_ro  in "P2|P5"
  rw section application_specific_rw  in "P2|P5"
  section .textrw                     in "P4"


  Section          Kind         Address    Size  Object
  -------          ----         -------    ----  ------
"A0":                                      0x40
  .intvec          const     0x800'0000    0x40  startup.o [1]
                           - 0x800'0040    0x40

"P1":                                     0x170
  .text            ro code   0x800'0040    0x48  main.o [1]
  .text            ro code   0x800'0088    0x3c  delay.o [1]
  .text            ro code   0x800'00c4    0x3a  zero_init3.o [4]
  .text            ro code   0x800'00fe     0x2  startup.o [1]
  .text            ro code   0x800'0100    0x28  data_init.o [4]
  .text            ro code   0x800'0128    0x22  fpinit_M.o [3]
  .iar.init_table  const     0x800'014c    0x10  - Linker created -
  .text            ro code   0x800'015c    0x1e  cmain.o [4]
  .text            ro code   0x800'017a     0x4  low_level_init.o [2]
  .text            ro code   0x800'017e     0x4  exit.o [2]
  .text            ro code   0x800'0184     0xa  cexit.o [4]
  .text            ro code   0x800'0190    0x14  exit.o [5]
  .text            ro code   0x800'01a4     0xc  cstartup_M.o [4]
  .rodata          const     0x800'01b0     0x0  zero_init3.o [4]
                           - 0x800'01b0   0x170

"P3", part 1 of 2:                          0x4
  .bss             zero     0x2000'0000     0x4  delay.o [1]
                          - 0x2000'0004     0x4

"P3", part 2 of 2:                       0x2000
  CSTACK                    0x2000'0008  0x2000  <Block>
    CSTACK         uninit   0x2000'0008  0x2000  <Block tail>
                          - 0x2000'2008  0x2000

Unused ranges:

         From           To      Size
         ----           --      ----
          0x0          0x0       0x1
   0x800'01b0   0x80f'ffff  0xf'fe50
  0x2000'0004  0x2000'0007       0x4
  0x2000'2008  0x2001'7fff  0x1'5ff8


*******************************************************************************
*** INIT TABLE
***

          Address      Size
          -------      ----
Zero (__iar_zero_init3)
    1 destination range, total size 0x4:
          0x2000'0000   0x4



*******************************************************************************
*** MODULE SUMMARY
***

    Module            ro code  ro data  rw data
    ------            -------  -------  -------
command line/config:
    -------------------------------------------
    Total:

C:\uwClass\310_autumn\assignment06\problem01\Debug\Obj: [1]
    delay.o                60                 4
    main.o                 72
    startup.o               2       64
    -------------------------------------------
    Total:                134       64        4

dl7M_tln.a: [2]
    exit.o                  4
    low_level_init.o        4
    -------------------------------------------
    Total:                  8

m7M_tls.a: [3]
    fpinit_M.o             34
    -------------------------------------------
    Total:                 34

rt7M_tl.a: [4]
    cexit.o                10
    cmain.o                30
    cstartup_M.o           12
    data_init.o            40
    zero_init3.o           58
    -------------------------------------------
    Total:                150

shb_l.a: [5]
    exit.o                 20
    -------------------------------------------
    Total:                 20

    Gaps                    4        2
    Linker created                  16    8'192
-----------------------------------------------
    Grand Total:          350       82    8'196


*******************************************************************************
*** ENTRY LIST
***

Entry                       Address  Size  Type      Object
-----                       -------  ----  ----      ------
.iar.init_table$$Base    0x800'014c         --   Gb  - Linker created -
.iar.init_table$$Limit   0x800'015c         --   Gb  - Linker created -
?main                    0x800'015d        Code  Gb  cmain.o [4]
CSTACK$$Base            0x2000'0008         --   Gb  - Linker created -
CSTACK$$Limit           0x2000'2008         --   Gb  - Linker created -
Region$$Table$$Base      0x800'014c         --   Gb  - Linker created -
Region$$Table$$Limit     0x800'015c         --   Gb  - Linker created -
SysTick_Handler          0x800'0099   0xa  Code  Gb  delay.o [1]
SysTick_Initialize       0x800'0089  0x10  Code  Gb  delay.o [1]
Unused_Handler           0x800'00ff   0x2  Code  Gb  startup.o [1]
__cmain                  0x800'015d        Code  Gb  cmain.o [4]
__exit                   0x800'0191  0x14  Code  Gb  exit.o [5]
__iar_data_init3         0x800'0101  0x28  Code  Gb  data_init.o [4]
__iar_init_vfp           0x800'0129        Code  Gb  fpinit_M.o [3]
__iar_program_start      0x800'01a5        Code  Gb  cstartup_M.o [4]
__iar_zero_init3         0x800'00c5  0x3a  Code  Gb  zero_init3.o [4]
__low_level_init         0x800'017b   0x4  Code  Gb  low_level_init.o [2]
__vector_table           0x800'0000  0x40  Data  Gb  startup.o [1]
_call_main               0x800'0169        Code  Gb  cmain.o [4]
_exit                    0x800'0185        Code  Gb  cexit.o [4]
_main                    0x800'0177        Code  Gb  cmain.o [4]
countDown               0x2000'0000   0x4  Data  Lc  delay.o [1]
delay                    0x800'00a3  0x12  Code  Gb  delay.o [1]
exit                     0x800'017f   0x4  Code  Gb  exit.o [2]
main                     0x800'0041  0x48  Code  Gb  main.o [1]


[1] = C:\uwClass\310_autumn\assignment06\problem01\Debug\Obj
[2] = dl7M_tln.a
[3] = m7M_tls.a
[4] = rt7M_tl.a
[5] = shb_l.a

    350 bytes of readonly  code memory
     82 bytes of readonly  data memory
  8'196 bytes of readwrite data memory

Errors: none
Warnings: none
